Ran 5 tests in 0.002s
OK

